This is pdfTeX, Version 3.141592653-2.6-1.40.25 (TeX Live 2023/GNU Guix) (preloaded format=pdflatex 2024.4.2)  28 JAN 2026 07:44
entering extended mode
 restricted \write18 enabled.
 %&-line parsing enabled.
**monster_lattice_report.tex
(./monster_lattice_report.tex
LaTeX2e <2022-11-01> patch level 1
L3 programming layer <2023-02-22>

! LaTeX Error: File `amsart.cls' not found.

Type X to quit or <RETURN> to proceed,
or enter new name. (Default extension: cls)

Enter file name: 
! Emergency stop.
<read *> 
         
l.2 \usepackage
               {amsmath,amsthm,amssymb}^^M
*** (cannot \read from terminal in nonstop modes)

 
Here is how much of TeX's memory you used:
 23 strings out of 476025
 534 string characters out of 5762752
 1849388 words of memory out of 5000000
 20574 multiletter control sequences out of 15000+600000
 512287 words of font info for 32 fonts, out of 8000000 for 9000
 1141 hyphenation exceptions out of 8191
 19i,0n,29p,96b,17s stack positions out of 10000i,1000n,20000p,200000b,200000s
!  ==> Fatal error occurred, no output PDF file produced!
