1000000 GET /api/shards 500 50
1001000 GET /api/shards/71 200 50
1002000 GET /api/query 200 150
1003000 GET /health 200 50
1004000 GET /metrics 200 50
1005000 GET /api/shards 200 50
1006000 GET /api/shards/71 200 50
1007000 GET /api/query 200 150
1008000 GET /health 200 50
1009000 GET /metrics 200 50
1010000 GET /api/shards 200 50
1011000 GET /api/shards/71 200 50
1012000 GET /api/query 200 150
1013000 GET /health 200 50
1014000 GET /metrics 200 50
1015000 GET /api/shards 200 50
1016000 GET /api/shards/71 200 50
1017000 GET /api/query 200 150
1018000 GET /health 200 50
1019000 GET /metrics 200 50
1020000 GET /api/shards 500 50
1021000 GET /api/shards/71 200 50
1022000 GET /api/query 200 150
1023000 GET /health 200 50
1024000 GET /metrics 200 50
1025000 GET /api/shards 200 50
1026000 GET /api/shards/71 200 50
1027000 GET /api/query 200 150
1028000 GET /health 200 50
1029000 GET /metrics 200 50
1030000 GET /api/shards 200 50
1031000 GET /api/shards/71 200 50
1032000 GET /api/query 200 150
1033000 GET /health 200 50
1034000 GET /metrics 200 50
1035000 GET /api/shards 200 50
1036000 GET /api/shards/71 200 50
1037000 GET /api/query 200 150
1038000 GET /health 200 50
1039000 GET /metrics 200 50
1040000 GET /api/shards 500 50
1041000 GET /api/shards/71 200 50
1042000 GET /api/query 200 150
1043000 GET /health 200 50
1044000 GET /metrics 200 50
1045000 GET /api/shards 200 50
1046000 GET /api/shards/71 200 50
1047000 GET /api/query 200 150
1048000 GET /health 200 50
1049000 GET /metrics 200 50
1050000 GET /api/shards 200 50
1051000 GET /api/shards/71 200 50
1052000 GET /api/query 200 150
1053000 GET /health 200 50
1054000 GET /metrics 200 50
1055000 GET /api/shards 200 50
1056000 GET /api/shards/71 200 50
1057000 GET /api/query 200 150
1058000 GET /health 200 50
1059000 GET /metrics 200 50
1060000 GET /api/shards 500 50
1061000 GET /api/shards/71 200 50
1062000 GET /api/query 200 150
1063000 GET /health 200 50
1064000 GET /metrics 200 50
1065000 GET /api/shards 200 50
1066000 GET /api/shards/71 200 50
1067000 GET /api/query 200 150
1068000 GET /health 200 50
1069000 GET /metrics 200 50
1070000 GET /api/shards 200 50
1071000 GET /api/shards/71 200 50
1072000 GET /api/query 200 150
1073000 GET /health 200 50
1074000 GET /metrics 200 50
1075000 GET /api/shards 200 50
1076000 GET /api/shards/71 200 50
1077000 GET /api/query 200 150
1078000 GET /health 200 50
1079000 GET /metrics 200 50
1080000 GET /api/shards 500 50
1081000 GET /api/shards/71 200 50
1082000 GET /api/query 200 150
1083000 GET /health 200 50
1084000 GET /metrics 200 50
1085000 GET /api/shards 200 50
1086000 GET /api/shards/71 200 50
1087000 GET /api/query 200 150
1088000 GET /health 200 50
1089000 GET /metrics 200 50
1090000 GET /api/shards 200 50
1091000 GET /api/shards/71 200 50
1092000 GET /api/query 200 150
1093000 GET /health 200 50
1094000 GET /metrics 200 50
1095000 GET /api/shards 200 50
1096000 GET /api/shards/71 200 50
1097000 GET /api/query 200 150
1098000 GET /health 200 50
1099000 GET /metrics 200 50
